2026-02-16 19:21:29,467 - INFO - ============================================================
2026-02-16 19:21:29,467 - INFO - LinkedIn Bulk Scraper
2026-02-16 19:21:29,467 - INFO - ============================================================
2026-02-16 19:21:29,467 - INFO - URLs in file: 1
2026-02-16 19:21:29,467 - INFO - Duplicates removed: 0
2026-02-16 19:21:29,467 - INFO - Unique profiles: 1
2026-02-16 19:21:29,467 - INFO - Already completed: 0
2026-02-16 19:21:29,467 - INFO - To scrape: 1
2026-02-16 19:21:29,467 - INFO - Output directory: test
2026-02-16 19:21:29,467 - INFO - ============================================================
2026-02-16 19:21:29,467 - INFO - Initializing LinkedIn session...
2026-02-16 19:21:38,867 - WARNING - Session health check error: Exceeded 30 redirects.
2026-02-16 19:21:38,867 - ERROR - Session is not valid! Check your cookies.
2026-02-16 19:25:04,271 - INFO - ============================================================
2026-02-16 19:25:04,271 - INFO - LinkedIn Bulk Scraper
2026-02-16 19:25:04,271 - INFO - ============================================================
2026-02-16 19:25:04,271 - INFO - URLs in file: 1
2026-02-16 19:25:04,271 - INFO - Duplicates removed: 0
2026-02-16 19:25:04,271 - INFO - Unique profiles: 1
2026-02-16 19:25:04,271 - INFO - Already completed: 0
2026-02-16 19:25:04,271 - INFO - To scrape: 1
2026-02-16 19:25:04,271 - INFO - Output directory: test
2026-02-16 19:25:04,271 - INFO - ============================================================
2026-02-16 19:25:04,271 - INFO - Initializing LinkedIn session...
2026-02-16 19:25:04,965 - INFO - Session verified. Starting scrape...

2026-02-16 19:25:04,965 - INFO - [1/1] Scraping: williamhgates
2026-02-16 19:25:05,456 - INFO -   ✓ Success: Bill Gates
2026-02-16 19:25:05,456 - INFO - Saved all results to: test/all_profiles.json
2026-02-16 19:25:05,457 - INFO - 
============================================================
2026-02-16 19:25:05,457 - INFO - SCRAPING COMPLETE
2026-02-16 19:25:05,457 - INFO - ============================================================
2026-02-16 19:25:05,457 - INFO - Completed: 1/1
2026-02-16 19:25:05,457 - INFO - Failed: 0
2026-02-16 19:25:05,457 - INFO - Success rate: 100.0%
2026-02-16 19:25:05,457 - INFO - Results saved to: test/
2026-02-16 19:25:05,457 - INFO - ============================================================
